// Vitest Snapshot v1, https://vitest.dev/guide/snapshot.html

exports[`basic client > styling > renders with style object 1`] = `
<div
  style="width: 20px; height: 10px; border-bottom-left-radius: 10px; border-bottom-right-radius: 10px; background-color: tomato;"
/>
`;
